[diva-dan-royan.webnikah.com/index.html]
[backblue.gif]
[fade.gif]
[index.html]
[diva-dan-royan.webnikah.com/medias/audio/member-240563-20231114041929.mp3]
[diva-dan-royan.webnikah.com/images/bg.slide.jpg]
[diva-dan-royan.webnikah.com/template/nikah-mewah/assets/img/kiri-bawah.png]
[diva-dan-royan.webnikah.com/template/nikah-mewah/assets/img/kanan-atas.png]
[diva-dan-royan.webnikah.com/dirmember/00000025/cahayamalika/pria-240563-231114033938-l.jpg]
[diva-dan-royan.webnikah.com/dirmember/00000025/cahayamalika/wanita-240563-231114034157-l.jpg]
[diva-dan-royan.webnikah.com/dirmember/00000025/cahayamalika/weddingmap-240563.png]
[diva-dan-royan.webnikah.com/dirmember/00000025/cahayamalika/photo-240563-285362-l-202311090422.jpg]
[diva-dan-royan.webnikah.com/dirmember/00000025/cahayamalika/photo-240563-285850-l-202311140427.jpg]
[diva-dan-royan.webnikah.com/dirmember/00000025/cahayamalika/photo-240563-285851-l-202311140427.jpg]
[diva-dan-royan.webnikah.com/dirmember/00000025/cahayamalika/photo-240563-285852-l-202311140428.jpg]
[diva-dan-royan.webnikah.com/dirmember/00000025/cahayamalika/photo-240563-285853-l-202311140428.jpg]
[diva-dan-royan.webnikah.com/dirmember/00000025/cahayamalika/photo-240563-285854-l-202311140429.jpg]
[diva-dan-royan.webnikah.com/dirmember/00000025/cahayamalika/photo-240563-285855-l-202311140431.jpg]
[diva-dan-royan.webnikah.com/template/nikah-mewah/js/jquery.min.js]
[diva-dan-royan.webnikah.com/template/nikah-mewah/js/bootstrap.bundle.min.js]
[diva-dan-royan.webnikah.com/template/nikah-mewah/js/aos.js]
[diva-dan-royan.webnikah.com/index.html]
[diva-dan-royan.webnikah.com/template/nikah-mewah/assets/fontawesome-pro/fonts/fa-brands-400.eot]
[diva-dan-royan.webnikah.com/template/nikah-mewah/assets/fontawesome-pro/fonts/fa-brands-400d41d.eot]
[diva-dan-royan.webnikah.com/template/nikah-mewah/assets/fontawesome-pro/fonts/fa-brands-400.woff2]
[diva-dan-royan.webnikah.com/template/nikah-mewah/assets/fontawesome-pro/fonts/fa-brands-400.woff]
[diva-dan-royan.webnikah.com/template/nikah-mewah/assets/fontawesome-pro/fonts/fa-brands-400.ttf]
[diva-dan-royan.webnikah.com/template/nikah-mewah/assets/fontawesome-pro/fonts/fa-light-300.eot]
[diva-dan-royan.webnikah.com/template/nikah-mewah/assets/fontawesome-pro/fonts/fa-light-300d41d.eot]
[diva-dan-royan.webnikah.com/template/nikah-mewah/assets/fontawesome-pro/fonts/fa-light-300.woff2]
[diva-dan-royan.webnikah.com/template/nikah-mewah/assets/fontawesome-pro/fonts/fa-light-300.woff]
[diva-dan-royan.webnikah.com/template/nikah-mewah/assets/fontawesome-pro/fonts/fa-light-300.ttf]
[diva-dan-royan.webnikah.com/template/nikah-mewah/assets/fontawesome-pro/fonts/fa-regular-400.eot]
[diva-dan-royan.webnikah.com/template/nikah-mewah/assets/fontawesome-pro/fonts/fa-regular-400d41d.eot]
[diva-dan-royan.webnikah.com/template/nikah-mewah/assets/fontawesome-pro/fonts/fa-regular-400.woff2]
[diva-dan-royan.webnikah.com/template/nikah-mewah/assets/fontawesome-pro/fonts/fa-regular-400.woff]
[diva-dan-royan.webnikah.com/template/nikah-mewah/assets/fontawesome-pro/fonts/fa-regular-400.ttf]
[diva-dan-royan.webnikah.com/template/nikah-mewah/assets/fontawesome-pro/fonts/fa-solid-900.eot]
[diva-dan-royan.webnikah.com/template/nikah-mewah/assets/fontawesome-pro/fonts/fa-solid-900d41d.eot]
[diva-dan-royan.webnikah.com/template/nikah-mewah/assets/fontawesome-pro/fonts/fa-solid-900.woff2]
[diva-dan-royan.webnikah.com/template/nikah-mewah/assets/fontawesome-pro/fonts/fa-solid-900.woff]
[diva-dan-royan.webnikah.com/template/nikah-mewah/assets/fontawesome-pro/fonts/fa-solid-900.ttf]
[diva-dan-royan.webnikah.com/template/nikah-mewah/assets/fontawesome-pro/css/font-awesome.min.css]
[diva-dan-royan.webnikah.com/template/nikah-mewah/css/bootstrap.min.css]
[diva-dan-royan.webnikah.com/template/nikah-mewah/css/aos.css]
[diva-dan-royan.webnikah.com/template/nikah-mewah/assets/img/dsa.jpg]
[diva-dan-royan.webnikah.com/template/nikah-mewah/css/main.css]
[diva-dan-royan.webnikah.com/template/nikah-mewah/js/main.js]
[diva-dan-royan.webnikah.com/template/nikah-mewah/assets/fontawesome-pro/fonts/fa-brands-400.svg]
[diva-dan-royan.webnikah.com/template/nikah-mewah/assets/fontawesome-pro/fonts/fa-light-300.svg]
[diva-dan-royan.webnikah.com/template/nikah-mewah/assets/fontawesome-pro/fonts/fa-regular-400.svg]
[diva-dan-royan.webnikah.com/template/nikah-mewah/assets/fontawesome-pro/fonts/fa-solid-900.svg]
